../Inc/system_stm32f4xx.h:128:20:DelayMs	24	static
../Src/main.c:82:5:main	16	static
../Src/main.c:120:6:led_init	4	static
../Src/main.c:144:6:led_on	4	static
../Src/main.c:149:6:led_off	4	static
../Src/main.c:154:6:led_set	16	static
../Src/main.c:159:6:led_clear	16	static
../Src/main.c:164:6:led_all_off	4	static
../Src/main.c:169:6:led_all_on	4	static
../Src/main.c:175:6:led_write	16	static
../Src/main.c:184:6:run_pattern	16	static
../Src/main.c:237:6:pattern_all_blink	8	static
../Src/main.c:248:6:pattern_sequential	16	static
../Src/main.c:263:6:pattern_knight_rider	8	static
../Src/main.c:289:6:pattern_binary_count	8	static
../Src/main.c:306:6:pattern_alternate_pairs	8	static
../Src/main.c:322:6:pattern_fill_up	16	static
../Src/main.c:345:6:pattern_fill_down	16	static
../Src/main.c:366:6:pattern_two_at_time	8	static
../Src/main.c:396:6:pattern_random_like	8	static
../Src/main.c:424:6:pattern_fast_blink	16	static
