../Core/Src/main.c:89:6:Send_String	16	static
../Core/Src/main.c:98:6:Display_Menu	8	static
../Core/Src/main.c:133:6:Blink_All_LEDs	24	static
../Core/Src/main.c:152:6:Blink_Single_LED	24	static
../Core/Src/main.c:169:6:Running_LED_Pattern	32	static
../Core/Src/main.c:193:6:Alternate_LEDs_Pattern	24	static
../Core/Src/main.c:218:6:Knight_Rider_Pattern	32	static
../Core/Src/main.c:250:6:Binary_Count_Pattern	16	static
../Core/Src/main.c:272:6:All_LEDs_ON	8	static
../Core/Src/main.c:281:6:All_LEDs_OFF	8	static
../Core/Src/main.c:291:6:Process_Single_Key	16	static
../Core/Src/main.c:351:6:Process_Command	72	static
../Core/Src/main.c:432:5:main	8	static
../Core/Src/main.c:516:6:SystemClock_Config	88	static
../Core/Src/main.c:556:13:MX_USART2_UART_Init	8	static
../Core/Src/main.c:577:13:MX_GPIO_Init	40	static
../Core/Src/main.c:604:6:Error_Handler	4	static,ignoring_inline_asm
