../Core/Src/dht11.c:33:13:DHT11_DelayUs	24	static,ignoring_inline_asm
../Core/Src/dht11.c:47:13:DHT11_SetPinOutput	32	static
../Core/Src/dht11.c:62:13:DHT11_SetPinInput	32	static
../Core/Src/dht11.c:77:16:DHT11_ReadPin	8	static
../Core/Src/dht11.c:88:16:DHT11_WaitFor	24	static
../Core/Src/dht11.c:109:16:DHT11_ReadByte	24	static
../Core/Src/dht11.c:153:6:DHT11_Init	8	static
../Core/Src/dht11.c:169:16:DHT11_Read	32	static
../Core/Src/dht11.c:285:9:DHT11_GetTemperature	4	static
../Core/Src/dht11.c:294:9:DHT11_GetHumidity	4	static
