../Core/Src/lcd_i2c.c:31:13:LCD_Write	32	static
../Core/Src/lcd_i2c.c:43:13:LCD_SendNibble	24	static
../Core/Src/lcd_i2c.c:59:13:LCD_SendCommand	16	static
../Core/Src/lcd_i2c.c:78:13:LCD_SendData	16	static
../Core/Src/lcd_i2c.c:92:6:LCD_Init	8	static
../Core/Src/lcd_i2c.c:137:6:LCD_Clear	8	static
../Core/Src/lcd_i2c.c:147:6:LCD_Home	8	static
../Core/Src/lcd_i2c.c:159:6:LCD_SetCursor	24	static
../Core/Src/lcd_i2c.c:179:6:LCD_DisplayOn	8	static
../Core/Src/lcd_i2c.c:188:6:LCD_DisplayOff	8	static
../Core/Src/lcd_i2c.c:197:6:LCD_BacklightOn	8	static
../Core/Src/lcd_i2c.c:207:6:LCD_BacklightOff	8	static
../Core/Src/lcd_i2c.c:218:6:LCD_PrintChar	16	static
../Core/Src/lcd_i2c.c:228:6:LCD_Print	16	static
../Core/Src/lcd_i2c.c:242:6:LCD_PrintNumber	40	static
