../Core/Src/main.c:76:5:main	8	static
../Core/Src/main.c:130:13:System_Init	8	static
../Core/Src/main.c:153:13:Display_Startup_Screen	8	static
../Core/Src/main.c:166:13:Read_Sensors	8	static
../Core/Src/main.c:179:13:Update_Display	16	static
../Core/Src/main.c:217:13:Check_Alerts	16	static
../Core/Src/main.c:267:6:SystemClock_Config	88	static
../Core/Src/main.c:310:13:MX_ADC1_Init	32	static
../Core/Src/main.c:351:13:MX_I2C1_Init	16	static
../Core/Src/main.c:376:13:MX_GPIO_Init	40	static
../Core/Src/main.c:444:6:Error_Handler	16	static,ignoring_inline_asm
