22:23:24 **** Incremental Build of configuration Debug for project led-by-switch ****
make -j8 all 
arm-none-eabi-gcc "../Src/gpio.c" -mcpu=cortex-m4 -std=gnu11 -g3 -DDEBUG -DSTM32 -DSTM32F407G_DISC1 -DSTM32F4 -DSTM32F407VGTx -c -I../Inc -O0 -ffunction-sections -fdata-sections -Wall -fstack-usage -fcyclomatic-complexity -MMD -MP -MF"Src/gpio.d" -MT"Src/gpio.o" --specs=nano.specs -mfpu=fpv4-sp-d16 -mfloat-abi=soft -mthumb -o "Src/gpio.o"
arm-none-eabi-gcc "../Src/main.c" -mcpu=cortex-m4 -std=gnu11 -g3 -DDEBUG -DSTM32 -DSTM32F407G_DISC1 -DSTM32F4 -DSTM32F407VGTx -c -I../Inc -O0 -ffunction-sections -fdata-sections -Wall -fstack-usage -fcyclomatic-complexity -MMD -MP -MF"Src/main.d" -MT"Src/main.o" --specs=nano.specs -mfpu=fpv4-sp-d16 -mfloat-abi=soft -mthumb -o "Src/main.o"
arm-none-eabi-gcc -o "led-by-switch.elf" @"objects.list"   -mcpu=cortex-m4 -T"C:\Users\Omkar\OneDrive\Desktop\Sunbeam\ARM-94112-omkar(repo)\ARM_94112_Omkar_Kore\STM32\led-by-switch\STM32F407VGTX_FLASH.ld" --specs=nosys.specs -Wl,-Map="led-by-switch.map" -Wl,--gc-sections -static --specs=nano.specs -mfpu=fpv4-sp-d16 -mfloat-abi=soft -mthumb -Wl,--start-group -lc -lm -Wl,--end-group
Finished building target: led-by-switch.elf
 
arm-none-eabi-size  led-by-switch.elf 
arm-none-eabi-objdump -h -S led-by-switch.elf  > "led-by-switch.list"
   text	   data	    bss	    dec	    hex	filename
    960	      0	   1568	   2528	    9e0	led-by-switch.elf
Finished building: default.size.stdout
 
Finished building: led-by-switch.list
 

22:23:24 Build Finished. 0 errors, 0 warnings. (took 451ms)

